?   	github.com/iderex/stammtisch	[no test files]
=== RUN   TestRigTracksAKnownSyntheticDelay
    bench_test.go:46: 50ms fixture: p50 50.000 ms, p95 50.000 ms, p99 50.000 ms over 300 samples
    bench_test.go:46: 200ms fixture: p50 200.000 ms, p95 200.000 ms, p99 200.000 ms over 300 samples
--- PASS: TestRigTracksAKnownSyntheticDelay (0.96s)
=== RUN   TestRigReportsATailAndNotAnAverage
    bench_test.go:67: p50 73.396 ms, p95 96.583 ms, p99 99.458 ms, min 40.625 ms, max 99.958 ms
--- PASS: TestRigReportsATailAndNotAnAverage (0.49s)
=== RUN   TestTwoPassesOverOneSystemAgreeOnP95
    bench_test.go:104: two passes over the same system gave p95 of 68.438 ms and 68.438 ms, a difference of 0.000 ms, which is inside the 10 ms bound
--- PASS: TestTwoPassesOverOneSystemAgreeOnP95 (0.99s)
=== RUN   TestRigFindsTheChirpUnderEqualNoise
    bench_test.go:122: under equal noise: p95 50.000 ms, weakest accepted correlation 0.5695
--- PASS: TestRigFindsTheChirpUnderEqualNoise (0.18s)
=== RUN   TestAPassThatDetectsNothingSaysSo
--- PASS: TestAPassThatDetectsNothingSaysSo (0.02s)
=== RUN   TestADelayPastTheCeilingIsNotReportedAsALargeOne
    bench_test.go:164: ceiling 460.0 ms: 9 detected, 1 missed, p50 10.000 ms
--- PASS: TestADelayPastTheCeilingIsNotReportedAsALargeOne (0.02s)
=== RUN   TestValidateRefusesAPeriodThatIsNotWholeFrames
--- PASS: TestValidateRefusesAPeriodThatIsNotWholeFrames (0.00s)
=== RUN   TestMaxMeasurableDelayMatchesTheConfiguration
--- PASS: TestMaxMeasurableDelayMatchesTheConfiguration (0.00s)
=== RUN   TestCompareP95RefusesADifferenceOutsideTheBound
--- PASS: TestCompareP95RefusesADifferenceOutsideTheBound (0.00s)
=== RUN   TestFFTRoundTripsToItself
--- PASS: TestFFTRoundTripsToItself (0.00s)
=== RUN   TestFFTMatchesTheDirectTransform
--- PASS: TestFFTMatchesTheDirectTransform (0.00s)
=== RUN   TestChirpEnergySitsInsideItsBand
--- PASS: TestChirpEnergySitsInsideItsBand (0.00s)
=== RUN   TestCorrelatorFindsAKnownOffset
--- PASS: TestCorrelatorFindsAKnownOffset (0.03s)
=== RUN   TestCorrelatorScoresNoiseWellBelowTheDetectionThreshold
    dsp_test.go:119: best correlation reached by noise over 20 windows: 0.1042
--- PASS: TestCorrelatorScoresNoiseWellBelowTheDetectionThreshold (0.04s)
=== RUN   TestCorrelatorIsNotFooledByALoudBurst
--- PASS: TestCorrelatorIsNotFooledByALoudBurst (0.00s)
=== RUN   TestNextPow2
--- PASS: TestNextPow2 (0.00s)
=== RUN   TestPercentileByNearestRank
--- PASS: TestPercentileByNearestRank (0.00s)
=== RUN   TestPercentileSortsWhatItIsGiven
--- PASS: TestPercentileSortsWhatItIsGiven (0.00s)
=== RUN   TestPercentileOfNothingIsNotZero
--- PASS: TestPercentileOfNothingIsNotZero (0.00s)
=== RUN   TestDelayLineHoldsASampleForExactlyItsDelay
--- PASS: TestDelayLineHoldsASampleForExactlyItsDelay (0.00s)
=== RUN   TestDelayLineReportsTheDelayItWasBuiltWith
--- PASS: TestDelayLineReportsTheDelayItWasBuiltWith (0.00s)
=== RUN   TestDelayLineKeepsJitterInsideItsWidth
--- PASS: TestDelayLineKeepsJitterInsideItsWidth (0.00s)
PASS
ok  	github.com/iderex/stammtisch/bench	3.935s
?   	github.com/iderex/stammtisch/bench/cmd/mouth-to-ear	[no test files]
?   	github.com/iderex/stammtisch/botapi	[no test files]
?   	github.com/iderex/stammtisch/internal/media	[no test files]
=== RUN   TestNothingInOrchestrationReadsTheClockDirectly
--- PASS: TestNothingInOrchestrationReadsTheClockDirectly (0.00s)
=== RUN   TestAGracePeriodExpiresWithoutWaitingForIt
--- PASS: TestAGracePeriodExpiresWithoutWaitingForIt (0.00s)
=== RUN   TestAGracePeriodOfZeroIsOverAtOnce
--- PASS: TestAGracePeriodOfZeroIsOverAtOnce (0.00s)
=== RUN   TestExtendingAGracePeriodMeasuresFromNow
--- PASS: TestExtendingAGracePeriodMeasuresFromNow (0.00s)
=== RUN   TestTheFakeClockOnlyMovesWhenItIsMoved
--- PASS: TestTheFakeClockOnlyMovesWhenItIsMoved (0.00s)
=== RUN   TestAdvancingTheFakeClockBackwardsPanics
--- PASS: TestAdvancingTheFakeClockBackwardsPanics (0.00s)
=== RUN   TestFixedIDsAreThePointOfInjectingThem
--- PASS: TestFixedIDsAreThePointOfInjectingThem (0.00s)
=== RUN   TestOrchestrationDoesNotReachTheMediaPlane
--- PASS: TestOrchestrationDoesNotReachTheMediaPlane (13.10s)
=== RUN   TestTheShippedPackagesDoNotReachTheBench
--- PASS: TestTheShippedPackagesDoNotReachTheBench (9.32s)
PASS
ok  	github.com/iderex/stammtisch/internal/orchestration	23.973s
